// Jest Snapshot v1, https://goo.gl/fbAQLP

exports[`Test Select Component Select Snapshot Test 1`] = `
<div>
  <div
    class="relative"
  >
    <select
      class="test"
      data-testid="dropdown"
    >
      <option>
        BMW
      </option>
      <option>
        Merceded
      </option>
    </select>
    <div
      class="pointer-events-none absolute inset-y-0 right-0 flex items-center px-2 text-gray-700"
    >
      <svg
        class="fill-current h-4 w-4"
        viewBox="0 0 20 20"
        xmlns="http://www.w3.org/2000/svg"
      >
        <path
          d="M9.293 12.95l.707.707L15.657 8l-1.414-1.414L10 10.828 5.757 6.586 4.343 8z"
        />
      </svg>
    </div>
  </div>
</div>
`;
